---
source: zellij-server/src/./unit/screen_tests.rs
assertion_line: 2290
expression: "format!(\"{:#?}\", new_tab_instruction)"
---
NewTab(
    None,
    None,
    Some(
        TiledPaneLayout {
            children_split_direction: Horizontal,
            name: None,
            children: [
                TiledPaneLayout {
                    children_split_direction: Horizontal,
                    name: None,
                    children: [],
                    split_size: None,
                    run: Some(
                        Cwd(
                            ".",
                        ),
                    ),
                    borderless: false,
                    focus: None,
                    external_children_index: None,
                    children_are_stacked: false,
                    is_expanded_in_stack: false,
                    exclude_from_sync: None,
                    run_instructions_to_ignore: [],
                    hide_floating_panes: false,
                },
                TiledPaneLayout {
                    children_split_direction: Horizontal,
                    name: None,
                    children: [],
                    split_size: None,
                    run: Some(
                        Cwd(
                            ".",
                        ),
                    ),
                    borderless: false,
                    focus: None,
                    external_children_index: None,
                    children_are_stacked: false,
                    is_expanded_in_stack: false,
                    exclude_from_sync: None,
                    run_instructions_to_ignore: [],
                    hide_floating_panes: false,
                },
                TiledPaneLayout {
                    children_split_direction: Horizontal,
                    name: None,
                    children: [],
                    split_size: None,
                    run: Some(
                        Cwd(
                            ".",
                        ),
                    ),
                    borderless: false,
                    focus: None,
                    external_children_index: None,
                    children_are_stacked: false,
                    is_expanded_in_stack: false,
                    exclude_from_sync: None,
                    run_instructions_to_ignore: [],
                    hide_floating_panes: false,
                },
            ],
            split_size: None,
            run: None,
            borderless: false,
            focus: None,
            external_children_index: None,
            children_are_stacked: false,
            is_expanded_in_stack: false,
            exclude_from_sync: None,
            run_instructions_to_ignore: [],
            hide_floating_panes: false,
        },
    ),
    [],
    1,
    10,
)
