---
source: zellij-server/src/./unit/screen_tests.rs
expression: "format!(\"{:?}\", *received_pty_instructions.lock().unwrap())"
---
[UpdateActivePane(Some(Terminal(0)), 1), UpdateActivePane(Some(Terminal(0)), 1), SpawnTerminalVertically(None, None, 10), Exit]
