---
source: zellij-utils/src/input/./unit/layout_test.rs
assertion_line: 903
expression: "format!(\"{:?}\", layout_error)"
---
KdlError(KdlError { error_message: "Invalid pane property 'spit_size'", src: Some(NamedSource { name: "layout_file_name", source: "<redacted>"), offset: Some(30), len: Some(16) })
