---
source: zellij-utils/src/input/./unit/layout_test.rs
assertion_line: 768
expression: "format!(\"{:#?}\", layout)"
---
Layout {
    tabs: [
        (
            None,
            TiledPaneLayout {
                children_split_direction: Horizontal,
                name: None,
                children: [
                    TiledPaneLayout {
                        children_split_direction: Vertical,
                        name: None,
                        children: [
                            TiledPaneLayout {
                                children_split_direction: Horizontal,
                                name: None,
                                children: [],
                                split_size: None,
                                run: None,
                                borderless: false,
                                focus: None,
                                external_children_index: None,
                            },
                            TiledPaneLayout {
                                children_split_direction: Horizontal,
                                name: None,
                                children: [
                                    TiledPaneLayout {
                                        children_split_direction: Horizontal,
                                        name: None,
                                        children: [],
                                        split_size: None,
                                        run: Some(
                                            Command(
                                                RunCommand {
                                                    command: "htop",
                                                    args: [],
                                                    cwd: None,
                                                    hold_on_close: true,
                                                    hold_on_start: false,
                                                },
                                            ),
                                        ),
                                        borderless: false,
                                        focus: None,
                                        external_children_index: None,
                                    },
                                ],
                                split_size: None,
                                run: None,
                                borderless: false,
                                focus: None,
                                external_children_index: None,
                            },
                            TiledPaneLayout {
                                children_split_direction: Horizontal,
                                name: None,
                                children: [],
                                split_size: None,
                                run: None,
                                borderless: false,
                                focus: None,
                                external_children_index: None,
                            },
                        ],
                        split_size: None,
                        run: None,
                        borderless: false,
                        focus: None,
                        external_children_index: None,
                    },
                ],
                split_size: None,
                run: None,
                borderless: false,
                focus: None,
                external_children_index: None,
            },
            [],
        ),
    ],
    focused_tab_index: None,
    template: Some(
        (
            TiledPaneLayout {
                children_split_direction: Horizontal,
                name: None,
                children: [],
                split_size: None,
                run: None,
                borderless: false,
                focus: None,
                external_children_index: None,
            },
            [],
        ),
    ),
}
