---
source: zellij-utils/src/input/./unit/layout_test.rs
assertion_line: 1490
expression: "format!(\"{:#?}\", layout)"
---
Layout {
    tabs: [],
    focused_tab_index: None,
    template: Some(
        (
            TiledPaneLayout {
                children_split_direction: Horizontal,
                name: None,
                children: [
                    TiledPaneLayout {
                        children_split_direction: Horizontal,
                        name: None,
                        children: [],
                        split_size: None,
                        run: Some(
                            Command(
                                RunCommand {
                                    command: "tail",
                                    args: [],
                                    cwd: Some(
                                        "/tmp/bar",
                                    ),
                                    hold_on_close: true,
                                    hold_on_start: false,
                                },
                            ),
                        ),
                        borderless: false,
                        focus: None,
                        external_children_index: None,
                    },
                ],
                split_size: None,
                run: None,
                borderless: false,
                focus: None,
                external_children_index: None,
            },
            [],
        ),
    ),
    swap_layouts: [],
}
