---
source: zellij-utils/src/input/./unit/keybinds_test.rs
assertion_line: 489
expression: "format!(\"{:?}\", config_error)"
---
KdlParsingError("Unknown keybind instruction: 'i_am_not_bind_or_unbind'")
