---
source: zellij-utils/src/input/./unit/layout_test.rs
assertion_line: 254
expression: "format!(\"{:#?}\", layout)"
---
Layout {
    tabs: [
        (
            None,
            TiledPaneLayout {
                children_split_direction: Horizontal,
                name: None,
                children: [
                    TiledPaneLayout {
                        children_split_direction: Horizontal,
                        name: None,
                        children: [],
                        split_size: None,
                        run: None,
                        borderless: false,
                        focus: None,
                        external_children_index: None,
                    },
                ],
                split_size: None,
                run: None,
                borderless: false,
                focus: None,
                external_children_index: None,
            },
            [
                FloatingPaneLayout {
                    name: None,
                    height: None,
                    width: None,
                    x: None,
                    y: None,
                    run: None,
                    focus: None,
                },
            ],
        ),
        (
            None,
            TiledPaneLayout {
                children_split_direction: Horizontal,
                name: None,
                children: [
                    TiledPaneLayout {
                        children_split_direction: Horizontal,
                        name: None,
                        children: [],
                        split_size: None,
                        run: None,
                        borderless: false,
                        focus: None,
                        external_children_index: None,
                    },
                ],
                split_size: None,
                run: None,
                borderless: false,
                focus: None,
                external_children_index: None,
            },
            [
                FloatingPaneLayout {
                    name: None,
                    height: None,
                    width: None,
                    x: None,
                    y: None,
                    run: None,
                    focus: None,
                },
                FloatingPaneLayout {
                    name: None,
                    height: None,
                    width: None,
                    x: None,
                    y: None,
                    run: None,
                    focus: None,
                },
            ],
        ),
    ],
    focused_tab_index: None,
    template: Some(
        (
            TiledPaneLayout {
                children_split_direction: Horizontal,
                name: None,
                children: [],
                split_size: None,
                run: None,
                borderless: false,
                focus: None,
                external_children_index: None,
            },
            [],
        ),
    ),
    swap_layouts: [],
}
