---
source: zellij-utils/src/input/./unit/keybinds_test.rs
assertion_line: 476
expression: "format!(\"{:?}\", config_error)"
---
ConversionError(UnknownInputMode("i_do_not_exist"))
