---
source: zellij-utils/src/input/./unit/layout_test.rs
assertion_line: 1701
expression: "format!(\"{:#?}\", layout)"
---
Layout {
    tabs: [
        (
            None,
            TiledPaneLayout {
                children_split_direction: Horizontal,
                name: None,
                children: [
                    TiledPaneLayout {
                        children_split_direction: Horizontal,
                        name: None,
                        children: [],
                        split_size: None,
                        run: Some(
                            Cwd(
                                "/tmp/./foo",
                            ),
                        ),
                        borderless: false,
                        focus: None,
                        external_children_index: None,
                    },
                    TiledPaneLayout {
                        children_split_direction: Horizontal,
                        name: None,
                        children: [],
                        split_size: None,
                        run: Some(
                            Command(
                                RunCommand {
                                    command: "tail",
                                    args: [],
                                    cwd: Some(
                                        "/tmp/./foo/./bar",
                                    ),
                                    hold_on_close: true,
                                    hold_on_start: false,
                                },
                            ),
                        ),
                        borderless: false,
                        focus: None,
                        external_children_index: None,
                    },
                ],
                split_size: None,
                run: Some(
                    Cwd(
                        "/tmp/./foo",
                    ),
                ),
                borderless: false,
                focus: None,
                external_children_index: None,
            },
            [],
        ),
    ],
    focused_tab_index: None,
    template: Some(
        (
            TiledPaneLayout {
                children_split_direction: Horizontal,
                name: None,
                children: [],
                split_size: None,
                run: None,
                borderless: false,
                focus: None,
                external_children_index: None,
            },
            [],
        ),
    ),
    swap_layouts: [],
}
