---
source: zellij-utils/src/input/./unit/layout_test.rs
assertion_line: 946
expression: "format!(\"{:?}\", layout_error)"
---
KdlParsingError("Only one layout node per file allowed")
