---
source: zellij-utils/src/input/./unit/layout_test.rs
assertion_line: 1016
expression: "format!(\"{:?}\", layout_error)"
---
KdlParsingError("Tab templates must have a name")
