---
source: zellij-server/src/tab/./unit/tab_integration_tests.rs
assertion_line: 3403
expression: snapshot
---
00 (C): ┌ Pane #1 ──────────────────────────────────────────────────────────────────────────────────────────────────────────────┐
01 (C): │                                                                                                                       │
02 (C): │                                                                                                                       │
03 (C): │                                                                                                                       │
04 (C): │                                                                                                                       │
05 (C): └───────────────────────────────────────────────────────────────────────────────────────────────────────────────────────┘
06 (C): ┌ Pane #5 ──────────────────────────────────────────────────┐┌ Pane #2 ─────────────────────────────────────────────────┐
07 (C): │                                                           │┌ Pane #4 ─────────────────────────────────────────────────┐
08 (C): │                                                           ││                                                          │
09 (C): └───────────────────────────────────────────────────────────┘└──────────────────────────────────────────────────────────┘
10 (C): ┌ Pane #3 ──────────────────────────────────────────────────┐┌ Pane #6 ─────────────────────────────────────────────────┐
11 (C): │                                                           ││                                                          │
12 (C): │                                                           ││                                                          │
13 (C): │                                                           ││                                                          │
14 (C): │                                                           ││                                                          │
15 (C): │                                                           ││                                                          │
16 (C): │                                                           ││                                                          │
17 (C): │                                                           ││                                                          │
18 (C): │                                                           ││                                                          │
19 (C): └───────────────────────────────────────────────────────────┘└──────────────────────────────────────────────────────────┘

