---
source: zellij-server/src/tab/./unit/tab_integration_tests.rs
assertion_line: 3458
expression: snapshot
---
00 (C): ┌ Pane #1 ──────────────────────────────────────────────────┐┌ Pane #6 ─────────────────────────────────────────────────┐
01 (C): │                                                           ││                                                          │
02 (C): │                                                           ││                                                          │
03 (C): │                                                           ││                                                          │
04 (C): │                                                           ││                                                          │
05 (C): └───────────────────────────────────────────────────────────┘└──────────────────────────────────────────────────────────┘
06 (C): ┌ Pane #5 ──────────────────────────────────────────────────┐┌ Pane #2 ─────────────────────────────────────────────────┐
07 (C): │                                                           ││                                                          │
08 (C): │                                                           ││                                                          │
09 (C): │                                                           ││                                                          │
10 (C): │                                                           │└──────────────────────────────────────────────────────────┘
11 (C): └───────────────────────────────────────────────────────────┘┌ Pane #4 ─────────────────────────────────────────────────┐
12 (C): ┌ Pane #3 ──────────────────────────────────────────────────────────────────────────────────────────────────────────────┐
13 (C): │                                                                                                                       │
14 (C): │                                                                                                                       │
15 (C): │                                                                                                                       │
16 (C): │                                                                                                                       │
17 (C): │                                                                                                                       │
18 (C): │                                                                                                                       │
19 (C): └───────────────────────────────────────────────────────────────────────────────────────────────────────────────────────┘

