---
source: zellij-server/src/tab/./unit/tab_integration_tests.rs
assertion_line: 1648
expression: snapshot
---
00 (C): ┌ Pane #1 ──────────────────────────────────────────────────────────────────────────────────────────────────────────────┐
01 (C): │                                                                                                                       │
02 (C): │                                                                                                                       │
03 (C): │                                                                                                                       │
04 (C): │                                                                                                                       │
05 (C): │                             ┌ Pane #2 ─────────────────────────────────────────────────┐                              │
06 (C): │                             │                                                          │                              │
07 (C): │                             │                                                          │ ┐                            │
08 (C): │                             │                                                          │E│                            │
09 (C): │                             │                   I am scratch terminal                  │E│                            │
10 (C): │                             │                                                          │E│                            │
11 (C): │                             │                                                          │E│                            │
12 (C): │                             │                                                          │E│                            │
13 (C): │                             │                                                          │E│                            │
14 (C): │                             └──────────────────────────────────────────────────────────┘E│                            │
15 (C): │                               │EEEEEEEEEEEEEEEEEEEEEEEEEEEEEEEEEEEEEEEEEEEEEEEEEEEEEEEEEE│                            │
16 (C): │                               └──────────────────────────────────────────────────────────┘                            │
17 (C): │                                                                                                                       │
18 (C): │                                                                                                                       │
19 (C): └───────────────────────────────────────────────────────────────────────────────────────────────────────────────────────┘

