---
source: zellij-server/src/plugins/./unit/plugin_tests.rs
assertion_line: 3925
expression: "format!(\"{:#?}\",\n        new_tab_event).replace(&format!(\"{:?}\", temp_folder.path()),\n    \"\\\"CWD\\\"\")"
---
Some(
    SpawnTerminal(
        Some(
            OpenFile(
                "/path/to/my/file.rs",
                None,
                Some(
                    "CWD",
                ),
            ),
        ),
        Some(
            false,
        ),
        Some(
            "Editing: /path/to/my/file.rs",
        ),
        ClientId(
            1,
        ),
    ),
)
