---
source: zellij-server/src/plugins/./unit/plugin_tests.rs
expression: "format!(\"{:#?}\", new_tab_event)"
---
Some(
    NewTab(
        None,
        None,
        None,
        [],
        None,
        (
            [],
            [],
        ),
        true,
        (
            1,
            false,
        ),
    ),
)
