---
source: zellij-server/src/plugins/./unit/plugin_tests.rs
assertion_line: 5296
expression: "format!(\"{:#?}\", permissions)"
---
Some(
    [
        ReadApplicationState,
        ChangeApplicationState,
        OpenFiles,
        RunCommands,
        OpenTerminalsOrPlugins,
        WriteToStdin,
        WebAccess,
        ReadCliMessages,
    ],
)
