---
source: zellij-server/src/plugins/./unit/plugin_tests.rs
assertion_line: 782
expression: "format!(\"{:#?}\", plugin_bytes_event)"
---
Some(
    (
        0,
        1,
        "Payload from worker: \"gimme_back_my_payload\"\n\r",
    ),
)
